[website16.odoo.com/index.html]
[backblue.gif]
[fade.gif]
[index.html]
[website16.odoo.com/web/image/website/1/website83f7.ico]
[website16.odoo.com/web/static/src/libs/fontawesome/fonts/fontawesome-webfont3e6e.woff2]
[website16.odoo.com/web/assets/1/f545292/web.assets_frontend.min.css]
[website16.odoo.com/web/assets/1/e9ccd4c/web.assets_frontend_minimal.min.js]
[website16.odoo.com/contactus.html]
[website16.odoo.com/web/login.html]
[website16.odoo.com/slides.html]
[website16.odoo.com/appointment.html]
[website16.odoo.com/technologies]
[website16.odoo.com/website/social/facebook]
[website16.odoo.com/website/social/twitter]
[website16.odoo.com/website/social/linkedin]
[website16.odoo.com/website/social/github]
[website16.odoo.com/website/social/youtube]
[website16.odoo.com/website/social/instagram]
[website16.odoo.com/website/social/tiktok]
[website16.odoo.com/_/web/image/website.s_carousel_default_image_1_]
[website16.odoo.com/_/web/image/website.s_carousel_default_image_2_]
[website16.odoo.com/_/web/image/website.s_carousel_default_image_3_]
[website16.odoo.com/web/image/website.s_picture_default_image.jpg]
[website16.odoo.com/'/web/image/website.s_parallax_default_image']
[website16.odoo.com/web/static/img/odoo_logo_tiny.png]
[website16.odoo.com/index.html]
[website16.odoo.com/web/image/website/1/website83f7.svg]
[website16.odoo.com/web/image/website/1/logo/website83f7.svg]
[website16.odoo.com/web/static/img/transparent.png]
[website16.odoo.com/web/static/src/libs/fontawesome/fonts/fontawesome-webfont3e6e.woff]
[website16.odoo.com/web/static/lib/odoo_ui_icons/fonts/odoo_ui_icons.woff2]
[website16.odoo.com/web/static/lib/odoo_ui_icons/fonts/odoo_ui_icons.woff]
[website16.odoo.com/web/static/lib/select2/select2.png]
[website16.odoo.com/web/static/lib/select2/select2-spinner.gif]
[website16.odoo.com/web/static/lib/select2/select2x2.png]
[website16.odoo.com/web/static/fonts/tiktok_only.woff]
[website16.odoo.com/web/static/fonts/twitter_x_only.woff]
[website16.odoo.com/web/static/img/openhand.cur]
[website16.odoo.com/web/assets/1/f545292/web.assets_frontend.min.css]
[website16.odoo.com/contactus.html]
[website16.odoo.com/web/image/website/1/logo/website83f7-2.svg]
[website16.odoo.com/web/login.html]
[website16.odoo.com/web/reset_password.html]
[website16.odoo.com/_/website_slides/static/src/img/banner_default.svg_]
[website16.odoo.com/slides/all.html]
[website16.odoo.com/slides/allb184.html]
[website16.odoo.com/slides.html]
[website16.odoo.com/appointment.html]
[website16.odoo.com/technologies.html]
[website16.odoo.com/website/social/facebook.html]
[website16.odoo.com/website/social/twitter.html]
[website16.odoo.com/website/social/linkedin.html]
[website16.odoo.com/website/social/github.html]
[website16.odoo.com/website/social/youtube.html]
[website16.odoo.com/website/social/instagram.html]
[website16.odoo.com/website/social/tiktok.html]
[website16.odoo.com/_/web/image/website.html]
[website16.odoo.com/_/web/image/website-2.html]
[website16.odoo.com/_/web/image/website-3.html]
[website16.odoo.com/'/web/image/website.html]
[website16.odoo.com/website/static/src/img/website_logo.svg]
[website16.odoo.com/web/static/img/empty_folder.svg]
[website16.odoo.com/web/static/img/mimetypes/unknown.svg]
[website16.odoo.com/web/static/img/mimetypes/image.svg]
[website16.odoo.com/web/static/img/mimetypes/audio.svg]
[website16.odoo.com/web/static/img/mimetypes/text.svg]
[website16.odoo.com/web/static/img/mimetypes/binary.svg]
[website16.odoo.com/web/static/img/mimetypes/video.svg]
[website16.odoo.com/web/static/img/mimetypes/archive.svg]
[website16.odoo.com/web/static/img/mimetypes/pdf.svg]
[website16.odoo.com/web/static/img/mimetypes/document.svg]
[website16.odoo.com/web/static/img/mimetypes/web_code.svg]
[website16.odoo.com/web/static/img/mimetypes/web_style.svg]
[website16.odoo.com/web/static/img/mimetypes/disk.svg]
[website16.odoo.com/web/static/img/mimetypes/spreadsheet.svg]
[website16.odoo.com/web/static/img/mimetypes/certificate.svg]
[website16.odoo.com/web/static/img/mimetypes/presentation.svg]
[website16.odoo.com/web/static/img/mimetypes/font.svg]
[website16.odoo.com/web/static/img/mimetypes/print.svg]
[website16.odoo.com/web/static/img/mimetypes/script.svg]
[website16.odoo.com/web/static/img/mimetypes/javascript.svg]
[website16.odoo.com/web/static/img/mimetypes/calendar.svg]
[website16.odoo.com/web/static/img/mimetypes/vector.svg]
[website16.odoo.com/web_editor/static/src/img/curved_arrow.svg]
[website16.odoo.com/web_editor/shape/web_editor/Airy/015fb9.svg]
[website16.odoo.com/web_editor/shape/web_editor/Airy/025fb9.svg]
[website16.odoo.com/web_editor/shape/web_editor/Airy/03f1f8.svg]
[website16.odoo.com/web_editor/shape/web_editor/Airy/03_001f1f8.svg]
[website16.odoo.com/web_editor/shape/web_editor/Airy/045fb9.svg]
[website16.odoo.com/web_editor/shape/web_editor/Airy/04_0015fb9.svg]
[website16.odoo.com/web_editor/shape/web_editor/Airy/055fb9.svg]
[website16.odoo.com/web_editor/shape/web_editor/Airy/05_0015fb9.svg]
[website16.odoo.com/web_editor/shape/web_editor/Airy/062aaa.svg]
[website16.odoo.com/web_editor/shape/web_editor/Airy/072aaa.svg]
[website16.odoo.com/web_editor/shape/web_editor/Airy/085fb9.svg]
[website16.odoo.com/web_editor/shape/web_editor/Airy/095fb9.svg]
[website16.odoo.com/web_editor/shape/web_editor/Airy/10f1f8.svg]
[website16.odoo.com/web_editor/shape/web_editor/Airy/11f1f8.svg]
[website16.odoo.com/web_editor/shape/web_editor/Airy/1255e2.svg]
[website16.odoo.com/web_editor/shape/web_editor/Airy/12_00155e2.svg]
[website16.odoo.com/web_editor/shape/web_editor/Airy/13217f.svg]
[website16.odoo.com/web_editor/shape/web_editor/Airy/13_001217f.svg]
[website16.odoo.com/web_editor/shape/web_editor/Airy/14217f.svg]
[website16.odoo.com/web_editor/shape/web_editor/Blobs/012aaa.svg]
[website16.odoo.com/web_editor/shape/web_editor/Blobs/01_0012aaa.svg]
[website16.odoo.com/web_editor/shape/web_editor/Blobs/0272d8.svg]
[website16.odoo.com/web_editor/shape/web_editor/Blobs/032aaa.svg]
[website16.odoo.com/web_editor/shape/web_editor/Blobs/04f1f8.svg]
[website16.odoo.com/web_editor/shape/web_editor/Blobs/055fb9.svg]
[website16.odoo.com/web_editor/shape/web_editor/Blobs/065fb9.svg]
[website16.odoo.com/web_editor/shape/web_editor/Blobs/07f1f8.svg]
[website16.odoo.com/web_editor/shape/web_editor/Blobs/085fb9.svg]
[website16.odoo.com/web_editor/shape/web_editor/Blobs/0961f4.svg]
[website16.odoo.com/web_editor/shape/web_editor/Blobs/102f02.svg]
[website16.odoo.com/web_editor/shape/web_editor/Blobs/10_0015fb9.svg]
[website16.odoo.com/web_editor/shape/web_editor/Blobs/115fb9.svg]
[website16.odoo.com/web_editor/shape/web_editor/Blobs/125fb9.svg]
[website16.odoo.com/web_editor/shape/web_editor/Blocks/01e61d.svg]
[website16.odoo.com/web_editor/shape/web_editor/Blocks/01_001e61d.svg]
[website16.odoo.com/web_editor/shape/web_editor/Blocks/02e61d.svg]
[website16.odoo.com/web_editor/shape/web_editor/Blocks/02_001e61d.svg]
[website16.odoo.com/web_editor/shape/web_editor/Blocks/03217f.svg]
[website16.odoo.com/web_editor/shape/web_editor/Blocks/049c83.svg]
[website16.odoo.com/web_editor/shape/web_editor/Bold/012aaa.svg]
[website16.odoo.com/web_editor/shape/web_editor/Bold/026fc7.svg]
[website16.odoo.com/web_editor/shape/web_editor/Bold/03e61d.svg]
[website16.odoo.com/web_editor/shape/web_editor/Bold/04a12b.svg]
[website16.odoo.com/web_editor/shape/web_editor/Bold/05f1f8.svg]
[website16.odoo.com/web_editor/shape/web_editor/Bold/05_00161f4.svg]
[website16.odoo.com/web_editor/shape/web_editor/Bold/06f1f8.svg]
[website16.odoo.com/web_editor/shape/web_editor/Bold/06_00161f4.svg]
[website16.odoo.com/web_editor/shape/web_editor/Bold/0772d8.svg]
[website16.odoo.com/web_editor/shape/web_editor/Bold/07_00172d8.svg]
[website16.odoo.com/web_editor/shape/web_editor/Bold/085fb9.svg]
[website16.odoo.com/web_editor/shape/web_editor/Bold/09a12b.svg]
[website16.odoo.com/web_editor/shape/web_editor/Bold/10df27.svg]
[website16.odoo.com/web_editor/shape/web_editor/Bold/10_0017618.svg]
[website16.odoo.com/web_editor/shape/web_editor/Bold/116fc7.svg]
[website16.odoo.com/web_editor/shape/web_editor/Bold/11_00172d8.svg]
[website16.odoo.com/web_editor/shape/web_editor/Bold/129f66.svg]
[website16.odoo.com/web_editor/shape/web_editor/Bold/12_0019f66.svg]
[website16.odoo.com/web_editor/shape/web_editor/Floats/0131dc.svg]
[website16.odoo.com/web_editor/shape/web_editor/Floats/029c83.svg]
[website16.odoo.com/web_editor/shape/web_editor/Floats/039c83.svg]
[website16.odoo.com/web_editor/shape/web_editor/Floats/048d21.svg]
[website16.odoo.com/web_editor/shape/web_editor/Floats/059c83.svg]
[website16.odoo.com/web_editor/shape/web_editor/Floats/069c83.svg]
[website16.odoo.com/web_editor/shape/web_editor/Floats/079c83.svg]
[website16.odoo.com/web_editor/shape/web_editor/Floats/089c83.svg]
[website16.odoo.com/web_editor/shape/web_editor/Floats/096fc7.svg]
[website16.odoo.com/web_editor/shape/web_editor/Floats/109c83.svg]
[website16.odoo.com/web_editor/shape/web_editor/Floats/1155e2.svg]
[website16.odoo.com/web_editor/shape/web_editor/Floats/129c83.svg]
[website16.odoo.com/web_editor/shape/web_editor/Floats/139f66.svg]
[website16.odoo.com/web_editor/shape/web_editor/Floats/149c83.svg]
[website16.odoo.com/web_editor/shape/web_editor/Origins/016500.svg]
[website16.odoo.com/web_editor/shape/web_editor/Origins/0261f4.svg]
[website16.odoo.com/web_editor/shape/web_editor/Origins/02_00149fa.svg]
[website16.odoo.com/web_editor/shape/web_editor/Origins/0361f4.svg]
[website16.odoo.com/web_editor/shape/web_editor/Origins/0461f4.svg]
[website16.odoo.com/web_editor/shape/web_editor/Origins/04_00161f4.svg]
[website16.odoo.com/web_editor/shape/web_editor/Origins/0561f4.svg]
[website16.odoo.com/web_editor/shape/web_editor/Origins/0661f4.svg]
[website16.odoo.com/web_editor/shape/web_editor/Origins/06_00104da.svg]
[website16.odoo.com/web_editor/shape/web_editor/Origins/0761f4.svg]
[website16.odoo.com/web_editor/shape/web_editor/Origins/07_0016ee6.svg]
[website16.odoo.com/web_editor/shape/web_editor/Origins/07_0023fdd.svg]
[website16.odoo.com/web_editor/shape/web_editor/Origins/0861f4.svg]
[website16.odoo.com/web_editor/shape/web_editor/Origins/092f02.svg]
[website16.odoo.com/web_editor/shape/web_editor/Origins/09_00161f4.svg]
[website16.odoo.com/web_editor/shape/web_editor/Origins/106500.svg]
[website16.odoo.com/web_editor/shape/web_editor/Origins/116ee6.svg]
[website16.odoo.com/web_editor/shape/web_editor/Origins/11_00104da.svg]
[website16.odoo.com/web_editor/shape/web_editor/Origins/126ee6.svg]
[website16.odoo.com/web_editor/shape/web_editor/Origins/136ee6.svg]
[website16.odoo.com/web_editor/shape/web_editor/Origins/141c53.svg]
[website16.odoo.com/web_editor/shape/web_editor/Origins/14_00104da.svg]
[website16.odoo.com/web_editor/shape/web_editor/Origins/151c53.svg]
[website16.odoo.com/web_editor/shape/web_editor/Origins/1661f4.svg]
[website16.odoo.com/web_editor/shape/web_editor/Origins/1761f4.svg]
[website16.odoo.com/web_editor/shape/web_editor/Origins/185fb9.svg]
[website16.odoo.com/web_editor/shape/web_editor/Rainy/012f02.svg]
[website16.odoo.com/web_editor/shape/web_editor/Rainy/01_0012f02.svg]
[website16.odoo.com/web_editor/shape/web_editor/Rainy/027618.svg]
[website16.odoo.com/web_editor/shape/web_editor/Rainy/02_0017618.svg]
[website16.odoo.com/web_editor/shape/web_editor/Rainy/03779c.svg]
[website16.odoo.com/web_editor/shape/web_editor/Rainy/03_0016500.svg]
[website16.odoo.com/web_editor/shape/web_editor/Rainy/042f02.svg]
[website16.odoo.com/web_editor/shape/web_editor/Rainy/052f02.svg]
[website16.odoo.com/web_editor/shape/web_editor/Rainy/05_0015fb9.svg]
[website16.odoo.com/web_editor/shape/web_editor/Rainy/066fc7.svg]
[website16.odoo.com/web_editor/shape/web_editor/Rainy/076fc7.svg]
[website16.odoo.com/web_editor/shape/web_editor/Rainy/08217f.svg]
[website16.odoo.com/web_editor/shape/web_editor/Rainy/08_001217f.svg]
[website16.odoo.com/web_editor/shape/web_editor/Rainy/095fb9.svg]
[website16.odoo.com/web_editor/shape/web_editor/Rainy/09_0015fb9.svg]
[website16.odoo.com/web_editor/shape/web_editor/Rainy/1055e2.svg]
[website16.odoo.com/web_editor/shape/web_editor/Wavy/011c53.svg]
[website16.odoo.com/web_editor/shape/web_editor/Wavy/01_00161f4.svg]
[website16.odoo.com/web_editor/shape/web_editor/Wavy/021c53.svg]
[website16.odoo.com/web_editor/shape/web_editor/Wavy/02_00161f4.svg]
[website16.odoo.com/web_editor/shape/web_editor/Wavy/0372d8.svg]
[website16.odoo.com/web_editor/shape/web_editor/Wavy/042f02.svg]
[website16.odoo.com/web_editor/shape/web_editor/Wavy/052f02.svg]
[website16.odoo.com/web_editor/shape/web_editor/Wavy/06df27.svg]
[website16.odoo.com/web_editor/shape/web_editor/Wavy/06_001e61d.svg]
[website16.odoo.com/web_editor/shape/web_editor/Wavy/0761f4.svg]
[website16.odoo.com/web_editor/shape/web_editor/Wavy/082aaa.svg]
[website16.odoo.com/web_editor/shape/web_editor/Wavy/092f02.svg]
[website16.odoo.com/web_editor/shape/web_editor/Wavy/1072d8.svg]
[website16.odoo.com/web_editor/shape/web_editor/Wavy/11217f.svg]
[website16.odoo.com/web_editor/shape/web_editor/Wavy/125fb9.svg]
[website16.odoo.com/web_editor/shape/web_editor/Wavy/12_0015fb9.svg]
[website16.odoo.com/web_editor/shape/web_editor/Wavy/131c53.svg]
[website16.odoo.com/web_editor/shape/web_editor/Wavy/13_0015fb9.svg]
[website16.odoo.com/web_editor/shape/web_editor/Wavy/1455e2.svg]
[website16.odoo.com/web_editor/shape/web_editor/Wavy/155fb9.svg]
[website16.odoo.com/web_editor/shape/web_editor/Wavy/165fb9.svg]
[website16.odoo.com/web_editor/shape/web_editor/Wavy/175fb9.svg]
[website16.odoo.com/web_editor/shape/web_editor/Wavy/18f1f8.svg]
[website16.odoo.com/web_editor/shape/web_editor/Wavy/19f1f8.svg]
[website16.odoo.com/web_editor/shape/web_editor/Wavy/202aaa.svg]
[website16.odoo.com/web_editor/shape/web_editor/Wavy/212aaa.svg]
[website16.odoo.com/web_editor/shape/web_editor/Wavy/2261f4.svg]
[website16.odoo.com/web_editor/shape/web_editor/Wavy/2361f4.svg]
[website16.odoo.com/web_editor/shape/web_editor/Wavy/2472d8.svg]
[website16.odoo.com/web_editor/shape/web_editor/Wavy/2572d8.svg]
[website16.odoo.com/web_editor/shape/web_editor/Wavy/2672d8.svg]
[website16.odoo.com/web_editor/shape/web_editor/Wavy/2772d8.svg]
[website16.odoo.com/web_editor/shape/web_editor/Wavy/2855e2.svg]
[website16.odoo.com/web_editor/shape/web_editor/Zigs/012aaa.svg]
[website16.odoo.com/web_editor/shape/web_editor/Zigs/01_0011392.svg]
[website16.odoo.com/web_editor/shape/web_editor/Zigs/022aaa.svg]
[website16.odoo.com/web_editor/shape/web_editor/Zigs/02_0012aaa.svg]
[website16.odoo.com/web_editor/shape/web_editor/Zigs/035fb9.svg]
[website16.odoo.com/web_editor/shape/web_editor/Zigs/045fb9.svg]
[website16.odoo.com/web_editor/shape/web_editor/Zigs/0561f4.svg]
[website16.odoo.com/web_editor/shape/web_editor/Zigs/06f8c2.svg]
[website16.odoo.com/web_enterprise/static/img/background-light.svg]
[website16.odoo.com/web/reset_password.html]
[website16.odoo.com/_/website_slides/static/src/img/banner_default.html]
[website16.odoo.com/slides/_/website_slides/static/src/img/banner_default_all.svg_]
[website16.odoo.com/slides/all/tag/basic-1.html]
[website16.odoo.com/slides/all/tag/intermediate-2.html]
[website16.odoo.com/slides/all.html]
[website16.odoo.com/slides/all/tag/advanced-3.html]
[website16.odoo.com/slides/all/tag/basic-1b184.html]
[website16.odoo.com/slides/all/tag/intermediate-2b184.html]
[website16.odoo.com/slides/allb184.html]
[website16.odoo.com/website_slides_survey/static/src/img/certification.svg]
[website16.odoo.com/slides/_/website_slides/static/src/img/banner_default_all.html]
[website16.odoo.com/slides/all/tag/advanced-3b184.html]
[website16.odoo.com/slides/all/tag/_/website_slides/static/src/img/banner_default_all.svg_]
[website16.odoo.com/slides/all/tag/basic-1.html]
[website16.odoo.com/slides/all/tag/intermediate-2.html]
[website16.odoo.com/slides/all/tag/advanced-3.html]
[website16.odoo.com/slides/all/tag/basic-1b184.html]
[website16.odoo.com/slides/all/tag/intermediate-2b184.html]
[website16.odoo.com/slides/all/tag/advanced-3b184.html]
[website16.odoo.com/slides/all/tag/_/website_slides/static/src/img/banner_default_all.html]
